============================= test session starts =============================
platform win32 -- Python 3.11.4, pytest-8.3.5, pluggy-1.5.0
rootdir: C:\Users\user\Desktop\Voicera\api
plugins: anyio-3.7.1, langsmith-0.3.45, mock-3.14.0
collected 0 items / 1 error

=================================== ERRORS ====================================
____________________ ERROR collecting tests/test_health.py ____________________
ImportError while importing test module 'C:\Users\user\Desktop\Voicera\api\tests\test_health.py'.
Hint: make sure your test modules/packages have valid Python names.
Traceback:
C:\Program Files\Python311\Lib\importlib\__init__.py:126: in import_module
    return _bootstrap._gcd_import(name[level:], package, level)
tests\test_health.py:2: in <module>
    from main import app
main.py:8: in <module>
    from routes.ai_routes import router as ai_router
routes\ai_routes.py:3: in <module>
    from services.ai_service import process_question
services\ai_service.py:15: in <module>
    from agents.router.router_graph import graph
..\langgraph\src\agents\__init__.py:6: in <module>
    from .aria.graphs.graph import graph as aria_graph
..\langgraph\src\agents\aria\graphs\graph.py:1: in <module>
    from langgraph.graph import StateGraph, END
E   ModuleNotFoundError: No module named 'langgraph.graph'
============================== warnings summary ===============================
..\..\..\AppData\Roaming\Python\Python311\site-packages\starlette\formparsers.py:10
  C:\Users\user\AppData\Roaming\Python\Python311\site-packages\starlette\formparsers.py:10: PendingDeprecationWarning: Please use `import python_multipart` instead.
    import multipart

-- Docs: https://docs.pytest.org/en/stable/how-to/capture-warnings.html
=========================== short test summary info ===========================
ERROR tests/test_health.py
!!!!!!!!!!!!!!!!!!! Interrupted: 1 error during collection !!!!!!!!!!!!!!!!!!!!
========================= 1 warning, 1 error in 0.55s =========================
